src/app/(dashboard)/dashboard/bisdev/crm/[clientId]/page.tsx(1810,64): error TS2345: Argument of type '{ title: string; stage: "prospect"; status: string; value: number; priority: string; opportunity_type: ""; cash_in: number; notes: string; created_at: string; has_proposal: false; }' is not assignable to parameter of type 'SetStateAction<{ title: string; stage: "prospect" | "proposal" | "leads" | "sales" | "closed_won" | "closed_lost"; status: string; value: number; priority: string; opportunity_type: "" | "customer_based" | "product_based"; ... 4 more ...; is_cash_in_verified: boolean; }>'.
  Property 'is_cash_in_verified' is missing in type '{ title: string; stage: "prospect"; status: string; value: number; priority: string; opportunity_type: ""; cash_in: number; notes: string; created_at: string; has_proposal: false; }' but required in type '{ title: string; stage: CRMStage; status: string; value: number; priority: string; opportunity_type: "" | "customer_based" | "product_based"; cash_in: number; notes: string; created_at: string; has_proposal: boolean; is_cash_in_verified: boolean; }'.
